configmap snapshot should match:
  1: |
    apiVersion: v1
    data:
      elvid.authority: https://elvid.test-elvia.io/
      testmode: "true"
    kind: ConfigMap
    metadata:
      name: demo-app
      namespace: core
