hpa snapshot should match:
  1: |
    apiVersion: autoscaling/v1
    kind: HorizontalPodAutoscaler
    metadata:
      name: demo-app
      namespace: core
    spec:
      maxReplicas: 4
      minReplicas: 3
      scaleTargetRef:
        apiVersion: apps/v1
        kind: Deployment
        name: demo-app
      targetCPUUtilizationPercentage: 80
