secret snapshot should match:
  1: |
    apiVersion: v1
    kind: Secret
    metadata:
      name: demo-app
      namespace: core
    stringData:
      api_key: __API_KEY_TO_BE_REPLACED_DEV__
    type: Opaque
