should work:
  1: |
    apiVersion: v1
    kind: Service
    metadata:
      labels:
        app: demo-api
      name: demo-api
      namespace: core
    spec:
      ports:
        - name: demo-apiport
          port: 2112
      selector:
        app: demo-api
